<html>
<body>
<pre>
<h1>µVision Build Log</h1>
<h2>Project:</h2>
C:\Users\Harrison\Desktop\Fall 2020 HW Assignments\Embedded Systems\Homework 2 Question 2 Keil Project\HW2.uvproj
Project File Date:  05/22/2017

<h2>Output:</h2>
Build target 'Target 1'
linking...
Program Size: Code=960 RO-data=16 RW-data=0 ZI-data=1120  
".\HW2.axf" - 0 Error(s), 0 Warning(s).
</pre>
</body>
</html>
or(s), 0 Warning(s).

        for(int i = 0; i < 5; i++)
main.c: 0 warnings, 2 errors
assembling startup.s...
".\HW2.axf" - 2 Error(s), 0 Warning(s).
Target not created
